This is pdfTeX, Version 3.141592653-2.6-1.40.25 (TeX Live 2023) (preloaded format=pdflatex 2024.1.19)  7 APR 2026 21:45
entering extended mode
 restricted \write18 enabled.
 %&-line parsing enabled.
**semi_supervised_em.tex
(./semi_supervised_em.tex
LaTeX2e <2022-11-01> patch level 1
L3 programming layer <2023-02-22>
(/usr/local/texlive/2023/texmf-dist/tex/latex/base/article.cls
Document Class: article 2022/07/02 v1.4n Standard LaTeX document class
(/usr/local/texlive/2023/texmf-dist/tex/latex/base/size11.clo
File: size11.clo 2022/07/02 v1.4n Standard LaTeX file (size option)
)
\c@part=\count185
\c@section=\count186
\c@subsection=\count187
\c@subsubsection=\count188
\c@paragraph=\count189
\c@subparagraph=\count190
\c@figure=\count191
\c@table=\count192
\abovecaptionskip=\skip48
\belowcaptionskip=\skip49
\bibindent=\dimen140
)
(/usr/local/texlive/2023/texmf-dist/tex/latex/geometry/geometry.sty
Package: geometry 2020/01/02 v5.9 Page Geometry

(/usr/local/texlive/2023/texmf-dist/tex/latex/graphics/keyval.sty
Package: keyval 2022/05/29 v1.15 key=value parser (DPC)
\KV@toks@=\toks16
)
(/usr/local/texlive/2023/texmf-dist/tex/generic/iftex/ifvtex.sty
Package: ifvtex 2019/10/25 v1.7 ifvtex legacy package. Use iftex instead.

(/usr/local/texlive/2023/texmf-dist/tex/generic/iftex/iftex.sty
Package: iftex 2022/02/03 v1.0f TeX engine tests
))
\Gm@cnth=\count193
\Gm@cntv=\count194
\c@Gm@tempcnt=\count195
\Gm@bindingoffset=\dimen141
\Gm@wd@mp=\dimen142
\Gm@odd@mp=\dimen143
\Gm@even@mp=\dimen144
\Gm@layoutwidth=\dimen145
\Gm@layoutheight=\dimen146
\Gm@layouthoffset=\dimen147
\Gm@layoutvoffset=\dimen148
\Gm@dimlist=\toks17
)
(/usr/local/texlive/2023/texmf-dist/tex/latex/amsmath/amsmath.sty
Package: amsmath 2022/04/08 v2.17n AMS math features
\@mathmargin=\skip50

For additional information on amsmath, use the `?' option.
(/usr/local/texlive/2023/texmf-dist/tex/latex/amsmath/amstext.sty
Package: amstext 2021/08/26 v2.01 AMS text

(/usr/local/texlive/2023/texmf-dist/tex/latex/amsmath/amsgen.sty
File: amsgen.sty 1999/11/30 v2.0 generic functions
\@emptytoks=\toks18
\ex@=\dimen149
))
(/usr/local/texlive/2023/texmf-dist/tex/latex/amsmath/amsbsy.sty
Package: amsbsy 1999/11/29 v1.2d Bold Symbols
\pmbraise@=\dimen150
)
(/usr/local/texlive/2023/texmf-dist/tex/latex/amsmath/amsopn.sty
Package: amsopn 2022/04/08 v2.04 operator names
)
\inf@bad=\count196
LaTeX Info: Redefining \frac on input line 234.
\uproot@=\count197
\leftroot@=\count198
LaTeX Info: Redefining \overline on input line 399.
LaTeX Info: Redefining \colon on input line 410.
\classnum@=\count199
\DOTSCASE@=\count266
LaTeX Info: Redefining \ldots on input line 496.
LaTeX Info: Redefining \dots on input line 499.
LaTeX Info: Redefining \cdots on input line 620.
\Mathstrutbox@=\box51
\strutbox@=\box52
LaTeX Info: Redefining \big on input line 722.
LaTeX Info: Redefining \Big on input line 723.
LaTeX Info: Redefining \bigg on input line 724.
LaTeX Info: Redefining \Bigg on input line 725.
\big@size=\dimen151
LaTeX Font Info:    Redeclaring font encoding OML on input line 743.
LaTeX Font Info:    Redeclaring font encoding OMS on input line 744.
\macc@depth=\count267
LaTeX Info: Redefining \bmod on input line 905.
LaTeX Info: Redefining \pmod on input line 910.
LaTeX Info: Redefining \smash on input line 940.
LaTeX Info: Redefining \relbar on input line 970.
LaTeX Info: Redefining \Relbar on input line 971.
\c@MaxMatrixCols=\count268
\dotsspace@=\muskip16
\c@parentequation=\count269
\dspbrk@lvl=\count270
\tag@help=\toks19
\row@=\count271
\column@=\count272
\maxfields@=\count273
\andhelp@=\toks20
\eqnshift@=\dimen152
\alignsep@=\dimen153
\tagshift@=\dimen154
\tagwidth@=\dimen155
\totwidth@=\dimen156
\lineht@=\dimen157
\@envbody=\toks21
\multlinegap=\skip51
\multlinetaggap=\skip52
\mathdisplay@stack=\toks22
LaTeX Info: Redefining \[ on input line 2953.
LaTeX Info: Redefining \] on input line 2954.
)
(/usr/local/texlive/2023/texmf-dist/tex/latex/amsfonts/amssymb.sty
Package: amssymb 2013/01/14 v3.01 AMS font symbols

(/usr/local/texlive/2023/texmf-dist/tex/latex/amsfonts/amsfonts.sty
Package: amsfonts 2013/01/14 v3.01 Basic AMSFonts support
\symAMSa=\mathgroup4
\symAMSb=\mathgroup5
LaTeX Font Info:    Redeclaring math symbol \hbar on input line 98.
LaTeX Font Info:    Overwriting math alphabet `\mathfrak' in version `bold'
(Font)                  U/euf/m/n --> U/euf/b/n on input line 106.
))
(/usr/local/texlive/2023/texmf-dist/tex/latex/amscls/amsthm.sty
Package: amsthm 2020/05/29 v2.20.6
\thm@style=\toks23
\thm@bodyfont=\toks24
\thm@headfont=\toks25
\thm@notefont=\toks26
\thm@headpunct=\toks27
\thm@preskip=\skip53
\thm@postskip=\skip54
\thm@headsep=\skip55
\dth@everypar=\toks28
)
(/usr/local/texlive/2023/texmf-dist/tex/latex/tools/bm.sty
Package: bm 2022/01/05 v1.2f Bold Symbol Support (DPC/FMi)
\symboldoperators=\mathgroup6
\symboldletters=\mathgroup7
\symboldsymbols=\mathgroup8
Package bm Info: No bold for \OMX/cmex/m/n, using \pmb.
Package bm Info: No bold for \U/msa/m/n, using \pmb.
Package bm Info: No bold for \U/msb/m/n, using \pmb.
LaTeX Font Info:    Redeclaring math alphabet \mathbf on input line 149.
)
(/usr/local/texlive/2023/texmf-dist/tex/latex/mathtools/mathtools.sty
Package: mathtools 2022/06/29 v1.29 mathematical typesetting tools

(/usr/local/texlive/2023/texmf-dist/tex/latex/tools/calc.sty
Package: calc 2017/05/25 v4.3 Infix arithmetic (KKT,FJ)
\calc@Acount=\count274
\calc@Bcount=\count275
\calc@Adimen=\dimen158
\calc@Bdimen=\dimen159
\calc@Askip=\skip56
\calc@Bskip=\skip57
LaTeX Info: Redefining \setlength on input line 80.
LaTeX Info: Redefining \addtolength on input line 81.
\calc@Ccount=\count276
\calc@Cskip=\skip58
)
(/usr/local/texlive/2023/texmf-dist/tex/latex/mathtools/mhsetup.sty
Package: mhsetup 2021/03/18 v1.4 programming setup (MH)
)
\g_MT_multlinerow_int=\count277
\l_MT_multwidth_dim=\dimen160
\origjot=\skip59
\l_MT_shortvdotswithinadjustabove_dim=\dimen161
\l_MT_shortvdotswithinadjustbelow_dim=\dimen162
\l_MT_above_intertext_sep=\dimen163
\l_MT_below_intertext_sep=\dimen164
\l_MT_above_shortintertext_sep=\dimen165
\l_MT_below_shortintertext_sep=\dimen166
\xmathstrut@box=\box53
\xmathstrut@dim=\dimen167
)
(/usr/local/texlive/2023/texmf-dist/tex/latex/enumitem/enumitem.sty
Package: enumitem 2019/06/20 v3.9 Customized lists
\labelindent=\skip60
\enit@outerparindent=\dimen168
\enit@toks=\toks29
\enit@inbox=\box54
\enit@count@id=\count278
\enitdp@description=\count279
)
(/usr/local/texlive/2023/texmf-dist/tex/latex/hyperref/hyperref.sty
Package: hyperref 2023-02-07 v7.00v Hypertext links for LaTeX

(/usr/local/texlive/2023/texmf-dist/tex/generic/ltxcmds/ltxcmds.sty
Package: ltxcmds 2020-05-10 v1.25 LaTeX kernel commands for general use (HO)
)
(/usr/local/texlive/2023/texmf-dist/tex/generic/pdftexcmds/pdftexcmds.sty
Package: pdftexcmds 2020-06-27 v0.33 Utility functions of pdfTeX for LuaTeX (HO
)

(/usr/local/texlive/2023/texmf-dist/tex/generic/infwarerr/infwarerr.sty
Package: infwarerr 2019/12/03 v1.5 Providing info/warning/error messages (HO)
)
Package pdftexcmds Info: \pdf@primitive is available.
Package pdftexcmds Info: \pdf@ifprimitive is available.
Package pdftexcmds Info: \pdfdraftmode found.
)
(/usr/local/texlive/2023/texmf-dist/tex/latex/kvsetkeys/kvsetkeys.sty
Package: kvsetkeys 2022-10-05 v1.19 Key value parser (HO)
)
(/usr/local/texlive/2023/texmf-dist/tex/generic/kvdefinekeys/kvdefinekeys.sty
Package: kvdefinekeys 2019-12-19 v1.6 Define keys (HO)
)
(/usr/local/texlive/2023/texmf-dist/tex/generic/pdfescape/pdfescape.sty
Package: pdfescape 2019/12/09 v1.15 Implements pdfTeX's escape features (HO)
)
(/usr/local/texlive/2023/texmf-dist/tex/latex/hycolor/hycolor.sty
Package: hycolor 2020-01-27 v1.10 Color options for hyperref/bookmark (HO)
)
(/usr/local/texlive/2023/texmf-dist/tex/latex/letltxmacro/letltxmacro.sty
Package: letltxmacro 2019/12/03 v1.6 Let assignment for LaTeX macros (HO)
)
(/usr/local/texlive/2023/texmf-dist/tex/latex/auxhook/auxhook.sty
Package: auxhook 2019-12-17 v1.6 Hooks for auxiliary files (HO)
)
(/usr/local/texlive/2023/texmf-dist/tex/latex/hyperref/nameref.sty
Package: nameref 2022-05-17 v2.50 Cross-referencing by name of section

(/usr/local/texlive/2023/texmf-dist/tex/latex/refcount/refcount.sty
Package: refcount 2019/12/15 v3.6 Data extraction from label references (HO)
)
(/usr/local/texlive/2023/texmf-dist/tex/generic/gettitlestring/gettitlestring.s
ty
Package: gettitlestring 2019/12/15 v1.6 Cleanup title references (HO)
 (/usr/local/texlive/2023/texmf-dist/tex/latex/kvoptions/kvoptions.sty
Package: kvoptions 2022-06-15 v3.15 Key value format for package options (HO)
))
\c@section@level=\count280
)
\@linkdim=\dimen169
\Hy@linkcounter=\count281
\Hy@pagecounter=\count282

(/usr/local/texlive/2023/texmf-dist/tex/latex/hyperref/pd1enc.def
File: pd1enc.def 2023-02-07 v7.00v Hyperref: PDFDocEncoding definition (HO)
Now handling font encoding PD1 ...
... no UTF-8 mapping file for font encoding PD1
)
(/usr/local/texlive/2023/texmf-dist/tex/generic/intcalc/intcalc.sty
Package: intcalc 2019/12/15 v1.3 Expandable calculations with integers (HO)
)
(/usr/local/texlive/2023/texmf-dist/tex/generic/etexcmds/etexcmds.sty
Package: etexcmds 2019/12/15 v1.7 Avoid name clashes with e-TeX commands (HO)
)
\Hy@SavedSpaceFactor=\count283

(/usr/local/texlive/2023/texmf-dist/tex/latex/hyperref/puenc.def
File: puenc.def 2023-02-07 v7.00v Hyperref: PDF Unicode definition (HO)
Now handling font encoding PU ...
... no UTF-8 mapping file for font encoding PU
)
Package hyperref Info: Hyper figures OFF on input line 4177.
Package hyperref Info: Link nesting OFF on input line 4182.
Package hyperref Info: Hyper index ON on input line 4185.
Package hyperref Info: Plain pages OFF on input line 4192.
Package hyperref Info: Backreferencing OFF on input line 4197.
Package hyperref Info: Implicit mode ON; LaTeX internals redefined.
Package hyperref Info: Bookmarks ON on input line 4425.
\c@Hy@tempcnt=\count284

(/usr/local/texlive/2023/texmf-dist/tex/latex/url/url.sty
\Urlmuskip=\muskip17
Package: url 2013/09/16  ver 3.4  Verb mode for urls, etc.
)
LaTeX Info: Redefining \url on input line 4763.
\XeTeXLinkMargin=\dimen170

(/usr/local/texlive/2023/texmf-dist/tex/generic/bitset/bitset.sty
Package: bitset 2019/12/09 v1.3 Handle bit-vector datatype (HO)

(/usr/local/texlive/2023/texmf-dist/tex/generic/bigintcalc/bigintcalc.sty
Package: bigintcalc 2019/12/15 v1.5 Expandable calculations on big integers (HO
)
))
\Fld@menulength=\count285
\Field@Width=\dimen171
\Fld@charsize=\dimen172
Package hyperref Info: Hyper figures OFF on input line 6042.
Package hyperref Info: Link nesting OFF on input line 6047.
Package hyperref Info: Hyper index ON on input line 6050.
Package hyperref Info: backreferencing OFF on input line 6057.
Package hyperref Info: Link coloring OFF on input line 6062.
Package hyperref Info: Link coloring with OCG OFF on input line 6067.
Package hyperref Info: PDF/A mode OFF on input line 6072.

(/usr/local/texlive/2023/texmf-dist/tex/latex/base/atbegshi-ltx.sty
Package: atbegshi-ltx 2021/01/10 v1.0c Emulation of the original atbegshi
package with kernel methods
)
\Hy@abspage=\count286
\c@Item=\count287
\c@Hfootnote=\count288
)
Package hyperref Info: Driver (autodetected): hpdftex.

(/usr/local/texlive/2023/texmf-dist/tex/latex/hyperref/hpdftex.def
File: hpdftex.def 2023-02-07 v7.00v Hyperref driver for pdfTeX

(/usr/local/texlive/2023/texmf-dist/tex/latex/base/atveryend-ltx.sty
Package: atveryend-ltx 2020/08/19 v1.0a Emulation of the original atveryend pac
kage
with kernel methods
)
\Fld@listcount=\count289
\c@bookmark@seq@number=\count290

(/usr/local/texlive/2023/texmf-dist/tex/latex/rerunfilecheck/rerunfilecheck.sty
Package: rerunfilecheck 2022-07-10 v1.10 Rerun checks for auxiliary files (HO)

(/usr/local/texlive/2023/texmf-dist/tex/generic/uniquecounter/uniquecounter.sty
Package: uniquecounter 2019/12/15 v1.4 Provide unlimited unique counter (HO)
)
Package uniquecounter Info: New unique counter `rerunfilecheck' on input line 2
85.
)
\Hy@SectionHShift=\skip61
) (/usr/local/texlive/2023/texmf-dist/tex/latex/natbib/natbib.sty
Package: natbib 2010/09/13 8.31b (PWD, AO)
\bibhang=\skip62
\bibsep=\skip63
LaTeX Info: Redefining \cite on input line 694.
\c@NAT@ctr=\count291
)
(/usr/local/texlive/2023/texmf-dist/tex/latex/booktabs/booktabs.sty
Package: booktabs 2020/01/12 v1.61803398 Publication quality tables
\heavyrulewidth=\dimen173
\lightrulewidth=\dimen174
\cmidrulewidth=\dimen175
\belowrulesep=\dimen176
\belowbottomsep=\dimen177
\aboverulesep=\dimen178
\abovetopsep=\dimen179
\cmidrulesep=\dimen180
\cmidrulekern=\dimen181
\defaultaddspace=\dimen182
\@cmidla=\count292
\@cmidlb=\count293
\@aboverulesep=\dimen183
\@belowrulesep=\dimen184
\@thisruleclass=\count294
\@lastruleclass=\count295
\@thisrulewidth=\dimen185
)
(/usr/local/texlive/2023/texmf-dist/tex/latex/multirow/multirow.sty
Package: multirow 2021/03/15 v2.8 Span multiple rows of a table
\multirow@colwidth=\skip64
\multirow@cntb=\count296
\multirow@dima=\skip65
\bigstrutjot=\dimen186
)
(/usr/local/texlive/2023/texmf-dist/tex/latex/graphics/graphicx.sty
Package: graphicx 2021/09/16 v1.2d Enhanced LaTeX Graphics (DPC,SPQR)

(/usr/local/texlive/2023/texmf-dist/tex/latex/graphics/graphics.sty
Package: graphics 2022/03/10 v1.4e Standard LaTeX Graphics (DPC,SPQR)

(/usr/local/texlive/2023/texmf-dist/tex/latex/graphics/trig.sty
Package: trig 2021/08/11 v1.11 sin cos tan (DPC)
)
(/usr/local/texlive/2023/texmf-dist/tex/latex/graphics-cfg/graphics.cfg
File: graphics.cfg 2016/06/04 v1.11 sample graphics configuration
)
Package graphics Info: Driver file: pdftex.def on input line 107.

(/usr/local/texlive/2023/texmf-dist/tex/latex/graphics-def/pdftex.def
File: pdftex.def 2022/09/22 v1.2b Graphics/color driver for pdftex
))
\Gin@req@height=\dimen187
\Gin@req@width=\dimen188
)
(/usr/local/texlive/2023/texmf-dist/tex/latex/xcolor/xcolor.sty
Package: xcolor 2022/06/12 v2.14 LaTeX color extensions (UK)

(/usr/local/texlive/2023/texmf-dist/tex/latex/graphics-cfg/color.cfg
File: color.cfg 2016/01/02 v1.6 sample color configuration
)
Package xcolor Info: Driver file: pdftex.def on input line 227.

(/usr/local/texlive/2023/texmf-dist/tex/latex/graphics/mathcolor.ltx)
Package xcolor Info: Model `cmy' substituted by `cmy0' on input line 1353.
Package xcolor Info: Model `hsb' substituted by `rgb' on input line 1357.
Package xcolor Info: Model `RGB' extended on input line 1369.
Package xcolor Info: Model `HTML' substituted by `rgb' on input line 1371.
Package xcolor Info: Model `Hsb' substituted by `hsb' on input line 1372.
Package xcolor Info: Model `tHsb' substituted by `hsb' on input line 1373.
Package xcolor Info: Model `HSB' substituted by `hsb' on input line 1374.
Package xcolor Info: Model `Gray' substituted by `gray' on input line 1375.
Package xcolor Info: Model `wave' substituted by `hsb' on input line 1376.
)
(/usr/local/texlive/2023/texmf-dist/tex/latex/algorithms/algorithm.sty
Package: algorithm 2009/08/24 v0.1 Document Style `algorithm' - floating enviro
nment

(/usr/local/texlive/2023/texmf-dist/tex/latex/float/float.sty
Package: float 2001/11/08 v1.3d Float enhancements (AL)
\c@float@type=\count297
\float@exts=\toks30
\float@box=\box55
\@float@everytoks=\toks31
\@floatcapt=\box56
)
(/usr/local/texlive/2023/texmf-dist/tex/latex/base/ifthen.sty
Package: ifthen 2022/04/13 v1.1d Standard LaTeX ifthen package (DPC)
)
\@float@every@algorithm=\toks32
\c@algorithm=\count298
)
(/usr/local/texlive/2023/texmf-dist/tex/latex/algorithmicx/algpseudocode.sty
Package: algpseudocode 

(/usr/local/texlive/2023/texmf-dist/tex/latex/algorithmicx/algorithmicx.sty
Package: algorithmicx 2005/04/27 v1.2 Algorithmicx

Document Style algorithmicx 1.2 - a greatly improved `algorithmic' style
\c@ALG@line=\count299
\c@ALG@rem=\count300
\c@ALG@nested=\count301
\ALG@tlm=\skip66
\ALG@thistlm=\skip67
\c@ALG@Lnr=\count302
\c@ALG@blocknr=\count303
\c@ALG@storecount=\count304
\c@ALG@tmpcounter=\count305
\ALG@tmplength=\skip68
)
Document Style - pseudocode environments for use with the `algorithmicx' style
)
\c@theorem=\count306
\c@proposition=\count307
\c@corollary=\count308
\c@remark=\count309
\c@definition=\count310
 (/usr/local/texlive/2023/texmf-dist/tex/latex/l3backend/l3backend-pdftex.def
File: l3backend-pdftex.def 2023-01-16 L3 backend support: PDF output (pdfTeX)
\l__color_backend_stack_int=\count311
\l__pdf_internal_box=\box57
) (./semi_supervised_em.aux)
\openout1 = `semi_supervised_em.aux'.

LaTeX Font Info:    Checking defaults for OML/cmm/m/it on input line 47.
LaTeX Font Info:    ... okay on input line 47.
LaTeX Font Info:    Checking defaults for OMS/cmsy/m/n on input line 47.
LaTeX Font Info:    ... okay on input line 47.
LaTeX Font Info:    Checking defaults for OT1/cmr/m/n on input line 47.
LaTeX Font Info:    ... okay on input line 47.
LaTeX Font Info:    Checking defaults for T1/cmr/m/n on input line 47.
LaTeX Font Info:    ... okay on input line 47.
LaTeX Font Info:    Checking defaults for TS1/cmr/m/n on input line 47.
LaTeX Font Info:    ... okay on input line 47.
LaTeX Font Info:    Checking defaults for OMX/cmex/m/n on input line 47.
LaTeX Font Info:    ... okay on input line 47.
LaTeX Font Info:    Checking defaults for U/cmr/m/n on input line 47.
LaTeX Font Info:    ... okay on input line 47.
LaTeX Font Info:    Checking defaults for PD1/pdf/m/n on input line 47.
LaTeX Font Info:    ... okay on input line 47.
LaTeX Font Info:    Checking defaults for PU/pdf/m/n on input line 47.
LaTeX Font Info:    ... okay on input line 47.

*geometry* driver: auto-detecting
*geometry* detected driver: pdftex
*geometry* verbose mode - [ preamble ] result:
* driver: pdftex
* paper: <default>
* layout: <same size as paper>
* layoutoffset:(h,v)=(0.0pt,0.0pt)
* modes: 
* h-part:(L,W,R)=(72.26999pt, 469.75502pt, 72.26999pt)
* v-part:(T,H,B)=(72.26999pt, 650.43001pt, 72.26999pt)
* \paperwidth=614.295pt
* \paperheight=794.96999pt
* \textwidth=469.75502pt
* \textheight=650.43001pt
* \oddsidemargin=0.0pt
* \evensidemargin=0.0pt
* \topmargin=-37.0pt
* \headheight=12.0pt
* \headsep=25.0pt
* \topskip=11.0pt
* \footskip=30.0pt
* \marginparwidth=59.0pt
* \marginparsep=10.0pt
* \columnsep=10.0pt
* \skip\footins=10.0pt plus 4.0pt minus 2.0pt
* \hoffset=0.0pt
* \voffset=0.0pt
* \mag=1000
* \@twocolumnfalse
* \@twosidefalse
* \@mparswitchfalse
* \@reversemarginfalse
* (1in=72.27pt=25.4mm, 1cm=28.453pt)

Package hyperref Info: Link coloring OFF on input line 47.
(./semi_supervised_em.out) (./semi_supervised_em.out)
\@outlinefile=\write3
\openout3 = `semi_supervised_em.out'.


(/usr/local/texlive/2023/texmf-dist/tex/context/base/mkii/supp-pdf.mkii
[Loading MPS to PDF converter (version 2006.09.02).]
\scratchcounter=\count312
\scratchdimen=\dimen189
\scratchbox=\box58
\nofMPsegments=\count313
\nofMParguments=\count314
\everyMPshowfont=\toks33
\MPscratchCnt=\count315
\MPscratchDim=\dimen190
\MPnumerator=\count316
\makeMPintoPDFobject=\count317
\everyMPtoPDFconversion=\toks34
) (/usr/local/texlive/2023/texmf-dist/tex/latex/epstopdf-pkg/epstopdf-base.sty
Package: epstopdf-base 2020-01-24 v2.11 Base part for package epstopdf
Package epstopdf-base Info: Redefining graphics rule for `.eps' on input line 4
85.

(/usr/local/texlive/2023/texmf-dist/tex/latex/latexconfig/epstopdf-sys.cfg
File: epstopdf-sys.cfg 2010/07/13 v1.3 Configuration of (r)epstopdf for TeX Liv
e
))
LaTeX Font Info:    Trying to load font information for U+msa on input line 49.


(/usr/local/texlive/2023/texmf-dist/tex/latex/amsfonts/umsa.fd
File: umsa.fd 2013/01/14 v3.01 AMS symbols A
)
LaTeX Font Info:    Trying to load font information for U+msb on input line 49.


(/usr/local/texlive/2023/texmf-dist/tex/latex/amsfonts/umsb.fd
File: umsb.fd 2013/01/14 v3.01 AMS symbols B
) [1

{/usr/local/texlive/2023/texmf-var/fonts/map/pdftex/updmap/pdftex.map}] [2]
Overfull \hbox (6.05348pt too wide) in paragraph at lines 197--201
[]\OT1/cmr/m/n/10.95 Simulation ev-i-dence across four regimes (un-su-per-vised
, su-per-vised, global-$\OML/cmm/m/it/10.95 ^^U$\OT1/cmr/m/n/10.95 , confidence
-weighted)
 []


LaTeX Warning: Reference `sec:discussion' on page 3 undefined on input line 245
.


Package natbib Warning: Citation `zhu2005semi' on page 3 undefined on input lin
e 255.


Package natbib Warning: Citation `chapelle2006semi' on page 3 undefined on inpu
t line 255.


Package natbib Warning: Citation `dempster1977maximum' on page 3 undefined on i
nput line 260.


Package natbib Warning: Citation `ghahramani1994supervised' on page 3 undefined
 on input line 260.


Package natbib Warning: Citation `laine2016temporal' on page 3 undefined on inp
ut line 262.


Package natbib Warning: Citation `miyato2018virtual' on page 3 undefined on inp
ut line 262.


Package natbib Warning: Citation `lee2013pseudo' on page 3 undefined on input l
ine 263.


Package natbib Warning: Citation `scudder1965probability' on page 3 undefined o
n input line 263.

[3]

Package natbib Warning: Citation `ghahramani1994supervised' on page 4 undefined
 on input line 268.


Package natbib Warning: Citation `nigam2000text' on page 4 undefined on input l
ine 268.


Package natbib Warning: Citation `nigam2000text' on page 4 undefined on input l
ine 269.


Package natbib Warning: Citation `fraley2002model' on page 4 undefined on input
 line 278.


Package natbib Warning: Citation `mcnicholas2016mixture' on page 4 undefined on
 input line 278.


Package natbib Warning: Citation `ganesalingam1978classification' on page 4 und
efined on input line 280.


Package natbib Warning: Citation `o1978normal' on page 4 undefined on input lin
e 281.


Package natbib Warning: Citation `banfield1993model' on page 4 undefined on inp
ut line 281.


Package natbib Warning: Citation `huang2009semi' on page 4 undefined on input l
ine 285.


Package natbib Warning: Citation `huang2009semi' on page 4 undefined on input l
ine 295.


Overfull \hbox (14.08347pt too wide) in paragraph at lines 285--296
\OT1/cmr/m/n/10.95 pho-netic clas-si-fi-ca-tion with an ex-plicit rel-a-tive we
ight-ing be-tween la-beled and un-la-beled log-likelihoods,
 []


Package natbib Warning: Citation `ji2009semisupervised' on page 4 undefined on 
input line 298.


Package natbib Warning: Citation `cozman2002unlabeled' on page 4 undefined on i
nput line 307.


Package natbib Warning: Citation `liu2002partially' on page 4 undefined on inpu
t line 320.


Package natbib Warning: Citation `elkan2008learning' on page 4 undefined on inp
ut line 320.


Package natbib Warning: Citation `zhou2018brief' on page 4 undefined on input l
ine 330.


Package natbib Warning: Citation `ratner2017snorkel' on page 4 undefined on inp
ut line 330.


Package natbib Warning: Citation `fellegi1969theory' on page 4 undefined on inp
ut line 338.


Package natbib Warning: Citation `christophides2020overview' on page 4 undefine
d on input line 338.


Package natbib Warning: Citation `larsen2001iterative' on page 4 undefined on i
nput line 342.

[4] [5]
Overfull \hbox (52.44807pt too wide) in paragraph at lines 459--465
 []\OT1/cmr/bx/n/10.95 Derivation sketch.[] \OT1/cmr/m/n/10.95 Form the ex-pect
ed weighted complete-data log-likelihood $\OMS/cmsy/m/n/10.95 Q[]\OT1/cmr/m/n/1
0.95 (\OML/cmm/m/it/10.95 ^^R\OT1/cmr/m/n/10.95 ; \OML/cmm/m/it/10.95 ^^R[]\OT1
/cmr/m/n/10.95 ) = \U/msb/m/n/10.95 E\OT1/cmr/m/n/10.95 [[] \OML/cmm/m/it/10.95
 p\OT1/cmr/m/n/10.95 (\OML/cmm/m/it/10.95 X; Z\OT1/cmr/m/n/10.95 ; \OML/cmm/m/i
t/10.95 ^^R\OT1/cmr/m/n/10.95 ) \OMS/cmsy/m/n/10.95 j
 []

[6]
Package hyperref Info: bookmark level for unknown algorithm defaults to 0 on in
put line 486.
 [7] [8{/usr/local/texlive/2023/texmf-dist/fonts/enc/dvips/cm-super/cm-super-ts
1.enc}] [9]

LaTeX Warning: Reference `sec:regularity' on page 10 undefined on input line 71
3.


Overfull \hbox (9.95142pt too wide) in paragraph at lines 717--726
[][]\OT1/cmr/bx/n/10.95 Remark 1 \OT1/cmr/m/n/10.95 (Pop-u-la-tion vs. sam-ple 
ob-jects)\OT1/cmr/bx/n/10.95 . []\OT1/cmr/m/it/10.95 The-o-rem []1[] is a \OT1/
cmr/m/n/10.95 pop-u-la-tion \OT1/cmr/m/it/10.95 state-ment: $\OML/cmm/m/it/10.9
5 g[] \OT1/cmr/m/n/10.95 = \OMS/cmsy/m/n/10.95 r[][]\OT1/cmr/m/n/10.95 (\OML/cm
m/m/it/10.95 ^^R[]\OT1/cmr/m/n/10.95 (0))$
 []

[10]

Package natbib Warning: Citation `dempster1977maximum' on page 11 undefined on 
input line 790.


LaTeX Warning: Reference `sec:regularity' on page 11 undefined on input line 87
0.

[11] [12] [13]
Overfull \hbox (4.63492pt too wide) in paragraph at lines 1073--1081
[]\OT1/cmr/m/n/10.95 Since $0 \OMS/cmsy/m/n/10.95 ^^T \OML/cmm/m/it/10.95 w[] \
OMS/cmsy/m/n/10.95 ^^T \OT1/cmr/m/n/10.95 1$ point-wise, the tri-an-gle in-equa
l-ity gives $[]\OML/cmm/m/it/10.95 g[][] \OT1/cmr/m/n/10.95 = \OMS/cmsy/m/n/10.
95 j\U/msb/m/n/10.95 E\OT1/cmr/m/n/10.95 [\OML/cmm/m/it/10.95 w[]s[]\OT1/cmr/m/
n/10.95 ]\OMS/cmsy/m/n/10.95 j ^^T \U/msb/m/n/10.95 E\OT1/cmr/m/n/10.95 [\OML/c
mm/m/it/10.95 w[]\OMS/cmsy/m/n/10.95 j\OML/cmm/m/it/10.95 s[]\OMS/cmsy/m/n/10.9
5 j\OT1/cmr/m/n/10.95 ] \OMS/cmsy/m/n/10.95 ^^T
 []

[14]

Package natbib Warning: Citation `amari1998natural' on page 15 undefined on inp
ut line 1195.


LaTeX Warning: Reference `sec:discussion' on page 15 undefined on input line 12
05.

[15] [16]
<figures/fig_diagnostic.pdf, id=402, 711.78795pt x 312.54327pt>
File: figures/fig_diagnostic.pdf Graphic file (type pdf)
<use figures/fig_diagnostic.pdf>
Package pdftex.def Info: figures/fig_diagnostic.pdf  used on input line 1323.
(pdftex.def)             Requested size: 469.75502pt x 206.26488pt.
 [17
pdfTeX warning (ext4): destination with the same identifier (name{figure.1}) ha
s been already used, duplicate ignored
<argument> ...shipout:D \box_use:N \l_shipout_box 
                                                  \__shipout_drop_firstpage_...
l.1342 I
        n simulations where \(\Sigma\) is correctly specified and held fixed at
 <./figures/fig_diagnostic.pdf>]
<figures/fig_bias_variance.pdf, id=488, 711.3466pt x 310.34534pt>
File: figures/fig_bias_variance.pdf Graphic file (type pdf)
<use figures/fig_bias_variance.pdf>
Package pdftex.def Info: figures/fig_bias_variance.pdf  used on input line 1419
.
(pdftex.def)             Requested size: 469.75502pt x 204.9422pt.
 [18]
<figures/fig_lambda_learn.pdf, id=499, 640.98535pt x 274.16025pt>
File: figures/fig_lambda_learn.pdf Graphic file (type pdf)
<use figures/fig_lambda_learn.pdf>
Package pdftex.def Info: figures/fig_lambda_learn.pdf  used on input line 1475.

(pdftex.def)             Requested size: 469.75502pt x 200.92595pt.
 [19
pdfTeX warning (ext4): destination with the same identifier (name{figure.2}) ha
s been already used, duplicate ignored
<argument> ...shipout:D \box_use:N \l_shipout_box 
                                                  \__shipout_drop_firstpage_...
l.1503 
        <./figures/fig_bias_variance.pdf>] [20
pdfTeX warning (ext4): destination with the same identifier (name{figure.3}) ha
s been already used, duplicate ignored
<argument> ...shipout:D \box_use:N \l_shipout_box 
                                                  \__shipout_drop_firstpage_...
l.1552 
        <./figures/fig_lambda_learn.pdf>]
<figures/fig_misspec.pdf, id=652, 784.1985pt x 311.18674pt>
File: figures/fig_misspec.pdf Graphic file (type pdf)
<use figures/fig_misspec.pdf>
Package pdftex.def Info: figures/fig_misspec.pdf  used on input line 1555.
(pdftex.def)             Requested size: 281.85587pt x 111.8467pt.
<figures/fig_lam_trajectory.pdf, id=657, 494.03445pt x 310.44896pt>
File: figures/fig_lam_trajectory.pdf Graphic file (type pdf)
<use figures/fig_lam_trajectory.pdf>
Package pdftex.def Info: figures/fig_lam_trajectory.pdf  used on input line 159
5.
(pdftex.def)             Requested size: 338.22418pt x 212.53783pt.

Overfull \hbox (30.01743pt too wide) in paragraph at lines 1616--1620
[]\OT1/cmr/m/n/10.95 For each repli-ca-tion we com-pute $\OMS/cmsy/m/n/10.95 A[
]\OT1/cmr/m/n/10.95 (0)$ once, eval-u-ate AU-ROC gain at $\OML/cmm/m/it/10.95 ^
^U \OMS/cmsy/m/n/10.95 2 f\OT1/cmr/m/n/10.95 0\OML/cmm/m/it/10.95 :\OT1/cmr/m/n
/10.95 05\OML/cmm/m/it/10.95 ; \OT1/cmr/m/n/10.95 0\OML/cmm/m/it/10.95 :\OT1/cm
r/m/n/10.95 1\OML/cmm/m/it/10.95 ; \OT1/cmr/m/n/10.95 0\OML/cmm/m/it/10.95 :\OT
1/cmr/m/n/10.95 25\OML/cmm/m/it/10.95 ; \OT1/cmr/m/n/10.95 0\OML/cmm/m/it/10.95
 :\OT1/cmr/m/n/10.95 5\OML/cmm/m/it/10.95 ; \OT1/cmr/m/n/10.95 1\OML/cmm/m/it/1
0.95 :\OT1/cmr/m/n/10.95 0\OML/cmm/m/it/10.95 ; \OT1/cmr/m/n/10.95 2\OML/cmm/m/
it/10.95 :\OT1/cmr/m/n/10.95 0\OMS/cmsy/m/n/10.95 g$\OT1/cmr/m/n/10.95 ,
 []

[21
pdfTeX warning (ext4): destination with the same identifier (name{table.1}) has
 been already used, duplicate ignored
<argument> ...shipout:D \box_use:N \l_shipout_box 
                                                  \__shipout_drop_firstpage_...
l.1621 T
        he correlation is \(0.47\) at \(\lam=0.05\) and stays in the range
pdfTeX warning (ext4): destination with the same identifier (name{figure.4}) ha
s been already used, duplicate ignored
<argument> ...shipout:D \box_use:N \l_shipout_box 
                                                  \__shipout_drop_firstpage_...
l.1621 T
        he correlation is \(0.47\) at \(\lam=0.05\) and stays in the range <./f
igures/fig_misspec.pdf>]
<figures/fig_local_lambda.pdf, id=738, 709.62184pt x 309.13092pt>
File: figures/fig_local_lambda.pdf Graphic file (type pdf)
<use figures/fig_local_lambda.pdf>
Package pdftex.def Info: figures/fig_local_lambda.pdf  used on input line 1641.

(pdftex.def)             Requested size: 469.75502pt x 204.64494pt.
 [22
pdfTeX warning (ext4): destination with the same identifier (name{figure.5}) ha
s been already used, duplicate ignored
<argument> ...shipout:D \box_use:N \l_shipout_box 
                                                  \__shipout_drop_firstpage_...
l.1682 \emph{At low to moderate misspecification}
                                                  (\(\delta \le 1\)): <./figure
s/fig_lam_trajectory.pdf>] [23
pdfTeX warning (ext4): destination with the same identifier (name{figure.6}) ha
s been already used, duplicate ignored
<argument> ...shipout:D \box_use:N \l_shipout_box 
                                                  \__shipout_drop_firstpage_...
l.1736 \end{remark}
                    <./figures/fig_local_lambda.pdf>]
<figures/fig_decision.pdf, id=874, 785.16678pt x 313.01843pt>
File: figures/fig_decision.pdf Graphic file (type pdf)
<use figures/fig_decision.pdf>
Package pdftex.def Info: figures/fig_decision.pdf  used on input line 1767.
(pdftex.def)             Requested size: 469.75502pt x 187.27278pt.
 [24
pdfTeX warning (ext4): destination with the same identifier (name{table.2}) has
 been already used, duplicate ignored
<argument> ...shipout:D \box_use:N \l_shipout_box 
                                                  \__shipout_drop_firstpage_...
l.1832 
       ]
<figures/fig_conf_ablation.pdf, id=885, 1001.73784pt x 637.05563pt>
File: figures/fig_conf_ablation.pdf Graphic file (type pdf)
<use figures/fig_conf_ablation.pdf>
Package pdftex.def Info: figures/fig_conf_ablation.pdf  used on input line 1841
.
(pdftex.def)             Requested size: 469.75502pt x 298.74545pt.
<figures/fig_real_data.pdf, id=888, 1219.27455pt x 391.53148pt>
File: figures/fig_real_data.pdf Graphic file (type pdf)
<use figures/fig_real_data.pdf>
Package pdftex.def Info: figures/fig_real_data.pdf  used on input line 1880.
(pdftex.def)             Requested size: 469.75502pt x 150.84464pt.
 [25
pdfTeX warning (ext4): destination with the same identifier (name{figure.7}) ha
s been already used, duplicate ignored
<argument> ...shipout:D \box_use:N \l_shipout_box 
                                                  \__shipout_drop_firstpage_...
l.1917 
        <./figures/fig_decision.pdf>] [26
pdfTeX warning (ext4): destination with the same identifier (name{figure.8}) ha
s been already used, duplicate ignored
<argument> ...shipout:D \box_use:N \l_shipout_box 
                                                  \__shipout_drop_firstpage_...
l.1945 
        <./figures/fig_conf_ablation.pdf>]
<figures/fig_regime_grid.pdf, id=1122, 781.17793pt x 318.54271pt>
File: figures/fig_regime_grid.pdf Graphic file (type pdf)
<use figures/fig_regime_grid.pdf>
Package pdftex.def Info: figures/fig_regime_grid.pdf  used on input line 2005.
(pdftex.def)             Requested size: 469.75502pt x 191.55482pt.
 [27
pdfTeX warning (ext4): destination with the same identifier (name{figure.9}) ha
s been already used, duplicate ignored
<argument> ...shipout:D \box_use:N \l_shipout_box 
                                                  \__shipout_drop_firstpage_...
l.2044 
        <./figures/fig_real_data.pdf>]

LaTeX Warning: Reference `sec:em' on page 28 undefined on input line 2091.

[28
pdfTeX warning (ext4): destination with the same identifier (name{table.3}) has
 been already used, duplicate ignored
<argument> ...shipout:D \box_use:N \l_shipout_box 
                                                  \__shipout_drop_firstpage_...
l.2096 
       ]
<figures/fig_dimension_sweep.pdf, id=1240, 1291.06094pt x 319.94783pt>
File: figures/fig_dimension_sweep.pdf Graphic file (type pdf)
<use figures/fig_dimension_sweep.pdf>
Package pdftex.def Info: figures/fig_dimension_sweep.pdf  used on input line 21
39.
(pdftex.def)             Requested size: 469.75502pt x 116.41139pt.
 [29
pdfTeX warning (ext4): destination with the same identifier (name{figure.10}) h
as been already used, duplicate ignored
<argument> ...shipout:D \box_use:N \l_shipout_box 
                                                  \__shipout_drop_firstpage_...
l.2168 
       
pdfTeX warning (ext4): destination with the same identifier (name{table.4}) has
 been already used, duplicate ignored
<argument> ...shipout:D \box_use:N \l_shipout_box 
                                                  \__shipout_drop_firstpage_...
l.2168 
        <./figures/fig_regime_grid.pdf>]
<figures/fig_param_recovery.pdf, id=1342, 638.09602pt x 276.19246pt>
File: figures/fig_param_recovery.pdf Graphic file (type pdf)
<use figures/fig_param_recovery.pdf>
Package pdftex.def Info: figures/fig_param_recovery.pdf  used on input line 221
5.
(pdftex.def)             Requested size: 399.29463pt x 172.82635pt.
 [30
pdfTeX warning (ext4): destination with the same identifier (name{figure.11}) h
as been already used, duplicate ignored
<argument> ...shipout:D \box_use:N \l_shipout_box 
                                                  \__shipout_drop_firstpage_...
l.2259 
        <./figures/fig_dimension_sweep.pdf>] [31
pdfTeX warning (ext4): destination with the same identifier (name{table.5}) has
 been already used, duplicate ignored
<argument> ...shipout:D \box_use:N \l_shipout_box 
                                                  \__shipout_drop_firstpage_...
l.2274 
       
pdfTeX warning (ext4): destination with the same identifier (name{figure.12}) h
as been already used, duplicate ignored
<argument> ...shipout:D \box_use:N \l_shipout_box 
                                                  \__shipout_drop_firstpage_...
l.2274 
        <./figures/fig_param_recovery.pdf>]
<figures/fig_sensitivity.pdf, id=1515, 713.07591pt x 310.1427pt>
File: figures/fig_sensitivity.pdf Graphic file (type pdf)
<use figures/fig_sensitivity.pdf>
Package pdftex.def Info: figures/fig_sensitivity.pdf  used on input line 2277.
(pdftex.def)             Requested size: 469.75502pt x 204.31621pt.
 [32
pdfTeX warning (ext4): destination with the same identifier (name{figure.13}) h
as been already used, duplicate ignored
<argument> ...shipout:D \box_use:N \l_shipout_box 
                                                  \__shipout_drop_firstpage_...
l.2330 \paragraph
                 {Results.} <./figures/fig_sensitivity.pdf>]
<figures/fig_real_data_emp.pdf, id=1581, 426.39299pt x 281.85298pt>
File: figures/fig_real_data_emp.pdf Graphic file (type pdf)
<use figures/fig_real_data_emp.pdf>
Package pdftex.def Info: figures/fig_real_data_emp.pdf  used on input line 2348
.
(pdftex.def)             Requested size: 469.75502pt x 310.52522pt.
 [33
pdfTeX warning (ext4): destination with the same identifier (name{figure.14}) h
as been already used, duplicate ignored
<argument> ...shipout:D \box_use:N \l_shipout_box 
                                                  \__shipout_drop_firstpage_...
l.2374 
        <./figures/fig_real_data_emp.pdf>]

Package natbib Warning: Citation `nigam2000text' on page 34 undefined on input 
line 2438.


Package natbib Warning: Citation `chapelle2006semi' on page 34 undefined on inp
ut line 2439.


Package natbib Warning: Citation `mclachlan2019finite' on page 34 undefined on 
input line 2440.


Overfull \hbox (7.12157pt too wide) in paragraph at lines 2436--2447
 []\OT1/cmr/bx/n/10.95 From struc-tural con-di-tions to a decision-theoretic di
-ag-nos-tic.[] \OT1/cmr/m/n/10.95 The clas-si-cal semi-supervised
 []

[34]

Package natbib Warning: Citation `hyvarinen2005estimation' on page 35 undefined
 on input line 2510.


Package natbib Warning: Citation `liu2016kernelized' on page 35 undefined on in
put line 2518.


Overfull \hbox (57.27388pt too wide) in paragraph at lines 2506--2531
 []\OT1/cmr/bx/n/10.95 Connection to score match-ing and Stein dis-crep-ancy.[]
 \OT1/cmr/m/n/10.95 The score resid-ual $[] = \OML/cmm/m/it/10.95 N[] [][] \OMS
/cmsy/m/n/10.95 r[] [] \OML/cmm/m/it/10.95 p[]\OT1/cmr/m/n/10.95 (\OML/cmm/m/it
/10.95 x[]\OT1/cmr/m/n/10.95 )$
 []

[35]

Package natbib Warning: Citation `amari1998natural' on page 36 undefined on inp
ut line 2536.


Package natbib Warning: Citation `sato2001online' on page 36 undefined on input
 line 2546.

[36] [37]

Package natbib Warning: There were undefined citations.

[38] (./semi_supervised_em.aux

Package natbib Warning: Citation(s) may have changed.
(natbib)                Rerun to get citations correct.

)

LaTeX Warning: There were undefined references.


LaTeX Warning: Label(s) may have changed. Rerun to get cross-references right.


Package rerunfilecheck Warning: File `semi_supervised_em.out' has changed.
(rerunfilecheck)                Rerun to get outlines right
(rerunfilecheck)                or use package `bookmark'.

Package rerunfilecheck Info: Checksums for `semi_supervised_em.out':
(rerunfilecheck)             Before: 3281F7D1F3A39C5544A76C3E0D3AA3C2;9631
(rerunfilecheck)             After:  09EBC8A0C677745C5850907B16ADB3CF;10367.
 ) 
Here is how much of TeX's memory you used:
 13273 strings out of 476025
 208867 string characters out of 5790017
 1868388 words of memory out of 5000000
 33273 multiletter control sequences out of 15000+600000
 529899 words of font info for 96 fonts, out of 8000000 for 9000
 1141 hyphenation exceptions out of 8191
 75i,12n,76p,1154b,620s stack positions out of 10000i,1000n,20000p,200000b,200000s
</usr/local/texlive/2023/texmf-dist/fonts/type1/public/amsfonts/cm/cmbx10.pfb
></usr/local/texlive/2023/texmf-dist/fonts/type1/public/amsfonts/cm/cmbx12.pfb>
</usr/local/texlive/2023/texmf-dist/fonts/type1/public/amsfonts/cm/cmex10.pfb><
/usr/local/texlive/2023/texmf-dist/fonts/type1/public/amsfonts/cm/cmmi10.pfb></
usr/local/texlive/2023/texmf-dist/fonts/type1/public/amsfonts/cm/cmmi12.pfb></u
sr/local/texlive/2023/texmf-dist/fonts/type1/public/amsfonts/cm/cmmi6.pfb></usr
/local/texlive/2023/texmf-dist/fonts/type1/public/amsfonts/cm/cmmi7.pfb></usr/l
ocal/texlive/2023/texmf-dist/fonts/type1/public/amsfonts/cm/cmmi8.pfb></usr/loc
al/texlive/2023/texmf-dist/fonts/type1/public/amsfonts/cm/cmr10.pfb></usr/local
/texlive/2023/texmf-dist/fonts/type1/public/amsfonts/cm/cmr12.pfb></usr/local/t
exlive/2023/texmf-dist/fonts/type1/public/amsfonts/cm/cmr17.pfb></usr/local/tex
live/2023/texmf-dist/fonts/type1/public/amsfonts/cm/cmr6.pfb></usr/local/texliv
e/2023/texmf-dist/fonts/type1/public/amsfonts/cm/cmr7.pfb></usr/local/texlive/2
023/texmf-dist/fonts/type1/public/amsfonts/cm/cmr8.pfb></usr/local/texlive/2023
/texmf-dist/fonts/type1/public/amsfonts/cm/cmr9.pfb></usr/local/texlive/2023/te
xmf-dist/fonts/type1/public/amsfonts/cm/cmsy10.pfb></usr/local/texlive/2023/tex
mf-dist/fonts/type1/public/amsfonts/cm/cmsy6.pfb></usr/local/texlive/2023/texmf
-dist/fonts/type1/public/amsfonts/cm/cmsy7.pfb></usr/local/texlive/2023/texmf-d
ist/fonts/type1/public/amsfonts/cm/cmsy8.pfb></usr/local/texlive/2023/texmf-dis
t/fonts/type1/public/amsfonts/cm/cmti10.pfb></usr/local/texlive/2023/texmf-dist
/fonts/type1/public/amsfonts/cm/cmtt10.pfb></usr/local/texlive/2023/texmf-dist/
fonts/type1/public/amsfonts/symbols/msam10.pfb></usr/local/texlive/2023/texmf-d
ist/fonts/type1/public/amsfonts/symbols/msbm10.pfb></usr/local/texlive/2023/tex
mf-dist/fonts/type1/public/cm-super/sfrm1095.pfb>
Output written on semi_supervised_em.pdf (38 pages, 1024687 bytes).
PDF statistics:
 1846 PDF objects out of 2073 (max. 8388607)
 876 compressed objects within 9 object streams
 242 named destinations out of 1000 (max. 500000)
 399 words of extra memory for PDF output out of 10000 (max. 10000000)

