\BOOKMARK [1][-]{section.1}{\376\377\000I\000n\000t\000r\000o\000d\000u\000c\000t\000i\000o\000n}{}% 1
\BOOKMARK [1][-]{section.2}{\376\377\000R\000e\000l\000a\000t\000e\000d\000\040\000W\000o\000r\000k}{}% 2
\BOOKMARK [2][-]{subsection.2.1}{\376\377\000S\000e\000m\000i\000-\000S\000u\000p\000e\000r\000v\000i\000s\000e\000d\000\040\000L\000e\000a\000r\000n\000i\000n\000g}{section.2}% 3
\BOOKMARK [2][-]{subsection.2.2}{\376\377\000G\000a\000u\000s\000s\000i\000a\000n\000\040\000M\000i\000x\000t\000u\000r\000e\000\040\000M\000o\000d\000e\000l\000s\000,\000\040\000W\000e\000i\000g\000h\000t\000i\000n\000g\000,\000\040\000a\000n\000d\000\040\000M\000i\000s\000s\000p\000e\000c\000i\000f\000i\000c\000a\000t\000i\000o\000n}{section.2}% 4
\BOOKMARK [2][-]{subsection.2.3}{\376\377\000P\000o\000s\000i\000t\000i\000v\000e\000-\000U\000n\000l\000a\000b\000e\000l\000e\000d\000\040\000a\000n\000d\000\040\000W\000e\000a\000k\000l\000y\000\040\000S\000u\000p\000e\000r\000v\000i\000s\000e\000d\000\040\000L\000e\000a\000r\000n\000i\000n\000g}{section.2}% 5
\BOOKMARK [2][-]{subsection.2.4}{\376\377\000E\000n\000t\000i\000t\000y\000\040\000M\000a\000t\000c\000h\000i\000n\000g\000\040\000a\000n\000d\000\040\000C\000a\000n\000d\000i\000d\000a\000t\000e\000\040\000R\000a\000n\000k\000i\000n\000g}{section.2}% 6
\BOOKMARK [1][-]{section.3}{\376\377\000M\000e\000t\000h\000o\000d}{}% 7
\BOOKMARK [2][-]{subsection.3.1}{\376\377\000P\000r\000o\000b\000l\000e\000m\000\040\000S\000e\000t\000t\000i\000n\000g\000\040\000a\000n\000d\000\040\000N\000o\000t\000a\000t\000i\000o\000n}{section.3}% 8
\BOOKMARK [2][-]{subsection.3.2}{\376\377\000W\000e\000i\000g\000h\000t\000e\000d\000\040\000S\000e\000m\000i\000-\000S\000u\000p\000e\000r\000v\000i\000s\000e\000d\000\040\000O\000b\000j\000e\000c\000t\000i\000v\000e}{section.3}% 9
\BOOKMARK [2][-]{subsection.3.3}{\376\377\000E\000M\000\040\000A\000l\000g\000o\000r\000i\000t\000h\000m}{section.3}% 10
\BOOKMARK [2][-]{subsection.3.4}{\376\377\000C\000o\000n\000f\000i\000d\000e\000n\000c\000e\000-\000W\000e\000i\000g\000h\000t\000e\000d\000\040\000U\000n\000l\000a\000b\000e\000l\000e\000d\000\040\000L\000i\000k\000e\000l\000i\000h\000o\000o\000d}{section.3}% 11
\BOOKMARK [2][-]{subsection.3.5}{\376\377\000N\000u\000m\000e\000r\000i\000c\000a\000l\000\040\000C\000o\000n\000s\000i\000d\000e\000r\000a\000t\000i\000o\000n\000s}{section.3}% 12
\BOOKMARK [2][-]{subsection.3.6}{\376\377\000P\000r\000e\000d\000i\000c\000t\000i\000o\000n\000\040\000a\000n\000d\000\040\000W\000i\000t\000h\000i\000n\000-\000G\000r\000o\000u\000p\000\040\000C\000o\000m\000p\000e\000t\000i\000t\000i\000o\000n}{section.3}% 13
\BOOKMARK [2][-]{subsection.3.7}{\376\377\000C\000h\000o\000o\000s\000i\000n\000g\000\040\000t\000h\000e\000\040\000U\000n\000l\000a\000b\000e\000l\000e\000d\000\040\000W\000e\000i\000g\000h\000t\000\040\000l\000a\000m\000b\000d\000a}{section.3}% 14
\BOOKMARK [2][-]{subsection.3.8}{\376\377\000L\000e\000a\000r\000n\000i\000n\000g\000\040\000t\000h\000e\000\040\000U\000n\000l\000a\000b\000e\000l\000e\000d\000\040\000W\000e\000i\000g\000h\000t\000\040\000l\000a\000m\000b\000d\000a}{section.3}% 15
\BOOKMARK [1][-]{section.4}{\376\377\000T\000h\000e\000o\000r\000y}{}% 16
\BOOKMARK [2][-]{subsection.4.1}{\376\377\000E\000M\000\040\000M\000o\000n\000o\000t\000o\000n\000i\000c\000i\000t\000y}{section.4}% 17
\BOOKMARK [2][-]{subsection.4.2}{\376\377\000E\000f\000f\000e\000c\000t\000i\000v\000e\000\040\000S\000a\000m\000p\000l\000e\000\040\000S\000i\000z\000e}{section.4}% 18
\BOOKMARK [2][-]{subsection.4.3}{\376\377\000T\000h\000e\000\040\000P\000s\000e\000u\000d\000o\000-\000T\000r\000u\000e\000\040\000P\000a\000r\000a\000m\000e\000t\000e\000r\000\040\000P\000a\000t\000h}{section.4}% 19
\BOOKMARK [2][-]{subsection.4.4}{\376\377\000R\000e\000s\000t\000r\000i\000c\000t\000e\000d\000\040\000M\000e\000a\000n\000-\000S\000u\000b\000s\000p\000a\000c\000e\000\040\000P\000a\000t\000h}{section.4}% 20
\BOOKMARK [2][-]{subsection.4.5}{\376\377\000B\000o\000u\000n\000d\000e\000d\000\040\000D\000a\000m\000a\000g\000e\000\040\000U\000n\000d\000e\000r\000\040\000C\000o\000n\000f\000i\000d\000e\000n\000c\000e\000\040\000W\000e\000i\000g\000h\000t\000i\000n\000g}{section.4}% 21
\BOOKMARK [2][-]{subsection.4.6}{\376\377\000H\000i\000g\000h\000-\000D\000i\000m\000e\000n\000s\000i\000o\000n\000a\000l\000\040\000A\000l\000i\000g\000n\000m\000e\000n\000t\000\040\000a\000n\000d\000\040\000t\000h\000e\000\040\000L\000i\000m\000i\000t\000s\000\040\000o\000f\000\040\000U\000n\000l\000a\000b\000e\000l\000e\000d\000\040\000D\000a\000t\000a}{section.4}% 22
\BOOKMARK [1][-]{section.5}{\376\377\000S\000i\000m\000u\000l\000a\000t\000i\000o\000n\000s}{}% 23
\BOOKMARK [2][-]{subsection.5.1}{\376\377\000S\000e\000t\000u\000p}{section.5}% 24
\BOOKMARK [2][-]{subsection.5.2}{\376\377\000D\000i\000a\000g\000n\000o\000s\000t\000i\000c\000\040\000V\000a\000l\000i\000d\000i\000t\000y\000\040\000o\000f\000\040\000t\000h\000e\000\040\000A\000l\000i\000g\000n\000m\000e\000n\000t\000\040\000C\000o\000e\000f\000f\000i\000c\000i\000e\000n\000t}{section.5}% 25
\BOOKMARK [2][-]{subsection.5.3}{\376\377\000T\000h\000e\000\040\000B\000i\000a\000s\040\023\000V\000a\000r\000i\000a\000n\000c\000e\000\040\000T\000r\000a\000d\000e\000o\000f\000f\000\040\000a\000s\000\040\000a\000\040\000F\000u\000n\000c\000t\000i\000o\000n\000\040\000o\000f\000\040\000l\000a\000m\000b\000d\000a}{section.5}% 26
\BOOKMARK [2][-]{subsection.5.4}{\376\377\000l\000a\000m\000b\000d\000a\000-\000S\000e\000l\000e\000c\000t\000i\000o\000n\000:\000\040\000D\000e\000f\000a\000u\000l\000t\000,\000\040\000G\000r\000i\000d\000\040\000S\000e\000a\000r\000c\000h\000,\000\040\000a\000n\000d\000\040\000G\000r\000a\000d\000i\000e\000n\000t\000\040\000A\000s\000c\000e\000n\000t}{section.5}% 27
\BOOKMARK [2][-]{subsection.5.5}{\376\377\000M\000i\000s\000s\000p\000e\000c\000i\000f\000i\000c\000a\000t\000i\000o\000n\000:\000\040\000S\000c\000o\000r\000e\000\040\000R\000e\000s\000i\000d\000u\000a\000l\000\040\000a\000s\000\040\000a\000\040\000P\000r\000e\000-\000F\000i\000t\000t\000i\000n\000g\000\040\000R\000i\000s\000k\000\040\000I\000n\000d\000i\000c\000a\000t\000o\000r}{section.5}% 28
\BOOKMARK [2][-]{subsection.5.6}{\376\377\000L\000o\000c\000a\000l\000\040\000T\000r\000a\000j\000e\000c\000t\000o\000r\000y\000\040\000V\000a\000l\000i\000d\000a\000t\000i\000o\000n}{section.5}% 29
\BOOKMARK [2][-]{subsection.5.7}{\376\377\000P\000e\000r\000s\000i\000s\000t\000e\000n\000c\000e\000\040\000o\000f\000\040\000t\000h\000e\000\040\000A\000l\000i\000g\000n\000m\000e\000n\000t\000\040\000S\000i\000g\000n\000a\000l\000\040\000A\000c\000r\000o\000s\000s\000\040\000l\000a\000m\000b\000d\000a}{section.5}% 30
\BOOKMARK [2][-]{subsection.5.8}{\376\377\000D\000i\000a\000g\000n\000o\000s\000t\000i\000c\000\040\000a\000s\000\040\000a\000n\000\040\000O\000p\000e\000r\000a\000t\000i\000o\000n\000a\000l\000\040\000D\000e\000c\000i\000s\000i\000o\000n\000\040\000R\000u\000l\000e}{section.5}% 31
\BOOKMARK [2][-]{subsection.5.9}{\376\377\000C\000o\000n\000f\000i\000d\000e\000n\000c\000e\000-\000W\000e\000i\000g\000h\000t\000i\000n\000g\000\040\000A\000b\000l\000a\000t\000i\000o\000n\000:\000\040\000D\000o\000e\000s\000\040\000l\000a\000m\000b\000d\000a\000\050\000x\000\051\000\040\000S\000e\000l\000e\000c\000t\000\040\000t\000h\000e\000\040\000R\000i\000g\000h\000t\000\040\000P\000o\000i\000n\000t\000s\000?}{section.5}% 32
\BOOKMARK [2][-]{subsection.5.10}{\376\377\000C\000r\000o\000s\000s\000-\000D\000a\000t\000a\000s\000e\000t\000\040\000D\000i\000a\000g\000n\000o\000s\000t\000i\000c\000\040\000E\000v\000a\000l\000u\000a\000t\000i\000o\000n}{section.5}% 33
\BOOKMARK [2][-]{subsection.5.11}{\376\377\000F\000i\000n\000i\000t\000e\000-\000S\000a\000m\000p\000l\000e\000\040\000R\000e\000g\000i\000m\000e\000s\000\040\000a\000n\000d\000\040\000D\000e\000c\000i\000s\000i\000o\000n\000\040\000R\000e\000l\000i\000a\000b\000i\000l\000i\000t\000y}{section.5}% 34
\BOOKMARK [2][-]{subsection.5.12}{\376\377\000H\000i\000g\000h\000-\000D\000i\000m\000e\000n\000s\000i\000o\000n\000a\000l\000\040\000G\000e\000o\000m\000e\000t\000r\000y\000\040\000a\000n\000d\000\040\000t\000h\000e\000\040\000L\000i\000m\000i\000t\000s\000\040\000o\000f\000\040\000U\000n\000l\000a\000b\000e\000l\000e\000d\000\040\000D\000a\000t\000a}{section.5}% 35
\BOOKMARK [2][-]{subsection.5.13}{\376\377\000P\000a\000r\000a\000m\000e\000t\000e\000r\000\040\000R\000e\000c\000o\000v\000e\000r\000y\000\040\000U\000n\000d\000e\000r\000\040\000C\000o\000r\000r\000e\000c\000t\000\040\000S\000p\000e\000c\000i\000f\000i\000c\000a\000t\000i\000o\000n}{section.5}% 36
\BOOKMARK [2][-]{subsection.5.14}{\376\377\000M\000i\000s\000s\000p\000e\000c\000i\000f\000i\000c\000a\000t\000i\000o\000n}{section.5}% 37
\BOOKMARK [2][-]{subsection.5.15}{\376\377\000S\000e\000n\000s\000i\000t\000i\000v\000i\000t\000y\000\040\000t\000o\000\040\000l\000a\000m\000b\000d\000a\000\040\000a\000n\000d\000\040\000a\000l\000p\000h\000a}{section.5}% 38
\BOOKMARK [2][-]{subsection.5.16}{\376\377\000W\000i\000t\000h\000i\000n\000-\000G\000r\000o\000u\000p\000\040\000C\000o\000m\000p\000e\000t\000i\000t\000i\000o\000n\000\040\000S\000c\000o\000r\000i\000n\000g}{section.5}% 39
\BOOKMARK [1][-]{section.6}{\376\377\000E\000m\000p\000i\000r\000i\000c\000a\000l\000\040\000A\000p\000p\000l\000i\000c\000a\000t\000i\000o\000n\000s}{}% 40
\BOOKMARK [2][-]{subsection.6.1}{\376\377\000C\000r\000o\000s\000s\000-\000D\000a\000t\000a\000s\000e\000t\000\040\000B\000e\000n\000c\000h\000m\000a\000r\000k\000\040\000E\000v\000a\000l\000u\000a\000t\000i\000o\000n}{section.6}% 41
\BOOKMARK [2][-]{subsection.6.2}{\376\377\000N\000o\000t\000e\000s\000-\000t\000o\000-\000C\000l\000a\000i\000m\000a\000n\000t\000s\000\040\000M\000a\000t\000c\000h\000i\000n\000g}{section.6}% 42
\BOOKMARK [2][-]{subsection.6.3}{\376\377\000[\000T\000O\000D\000O\000:\000\040\000S\000e\000c\000o\000n\000d\000\040\000A\000p\000p\000l\000i\000c\000a\000t\000i\000o\000n\000]}{section.6}% 43
\BOOKMARK [1][-]{section.7}{\376\377\000D\000i\000s\000c\000u\000s\000s\000i\000o\000n}{}% 44
\BOOKMARK [1][-]{appendix.A}{\376\377\000R\000e\000g\000u\000l\000a\000r\000i\000t\000y\000\040\000C\000o\000n\000d\000i\000t\000i\000o\000n\000s\000\040\000f\000o\000r\000\040\000C\000o\000r\000o\000l\000l\000a\000r\000y\000\040\0001\000.\0002}{}% 45
